// Jest Snapshot v1, https://goo.gl/fbAQLP

exports[`ToDo Item Component To-do item рендерится без ошибок 1`] = `
<li
  className="item"
>
  <label
    className="item__inputLabel item__inputLabel_checked"
    htmlFor="asd"
  >
    <input
      checked={true}
      className="item__input"
      id="asd"
      name="Дело"
      onChange={[Function]}
      type="checkbox"
    />
    <span
      className="item__text"
    >
      Дело
    </span>
  </label>
  <button
    className="item__button"
    onClick={[Function]}
    type="button"
  >
    X
  </button>
</li>
`;
